STDERR:


STDOUT:
{
  "timestamp": "0001-01-01T00:00:00Z",
  "status": "healthy",
  "nodes": [
    {
      "name": "mlx-node",
      "resources": {
        "cpu_cores": 10,
        "cpu_model": "",
        "ram_total_mb": 16384,
        "ram_free_mb": 8192,
        "ram_system_reserved_mb": 0,
        "ram_eviction_reserved_mb": 0,
        "ram_allocatable_mb": 0,
        "memory_topology": "unified",
        "memory_class": 4,
        "load_1m": 0,
        "load_5m": 0,
        "load_15m": 0,
        "disk_total_gb": 0,
        "disk_free_gb": 0,
        "pressure": "none",
        "pressure_source": "darwin-vm-pressure"
      },
      "tools": [
        {
          "name": "ollama",
          "path": "",
          "version": "0.7.0",
          "class": ""
        }
      ],
      "ollama": {
        "installed": true,
        "running": false,
        "listening": true,
        "models": [
          "llama3:8b"
        ]
      },
      "turboquant": {
        "supported": true,
        "verified": true,
        "backends": [
          "mlx"
        ],
        "capabilities": [
          "apple-silicon",
          "backend-probed",
          "cpu-fallback",
          "long-context",
          "ollama-present"
        ]
      },
      "ram_allocatable_mb": 8192,
      "status": "complete",
      "collected_at": "0001-01-01T00:00:00Z"
    }
  ],
  "summary": {
    "total_nodes": 1,
    "reachable_nodes": 1,
    "total_ram_mb": 16384,
    "total_free_ram_mb": 8192,
    "total_reservable_mb": 8192,
    "total_allocatable_mb": 8192
  }
}