
  ╔══════════════════════════════════════════════╗
  ║           AXIS CLUSTER SUMMARY              ║
  ╚══════════════════════════════════════════════╝

  Version: 0.10.8

  NODES
  ─────────────────────────────────
  ● Healthy:     0
    Total:       0

  RESOURCES
  ─────────────────────────────────
  RAM:  [░░░░░░░░░░░░░░░░░░░░░░░░░░░░░░] 0% 0GB / 0GB
  GPUs: none detected
