STDERR:


STDOUT:

  ╔══════════════════════════════════════════════╗
  ║           AXIS CLUSTER SUMMARY               ║
  ╚══════════════════════════════════════════════╝

  Version: 0.14.6

  NODES
  ─────────────────────────────────
  ● Healthy:     1
    Total:       1

  RESOURCES
  ─────────────────────────────────
  RAM:  [███████████████░░░░░░░░░░░░░░░] 50% 4GB / 8GB (4GB allocatable)
  GPUs: none detected
